BL51 BANKED LINKER/LOCATER V6.22                                                        06/07/2015  17:57:02  PAGE 1


BL51 BANKED LINKER/LOCATER V6.22, INVOKED BY:
D:\SOFTWARES\NEWKEI\C51\BIN\BL51.EXE test.obj TO test


MEMORY MODEL: SMALL


INPUT MODULES INCLUDED:
  test.obj (TEST)
  D:\SOFTWARES\NEWKEI\C51\LIB\C51S.LIB (?C?CLDOPTR)


LINK MAP OF MODULE:  test (TEST)


            TYPE    BASE      LENGTH    RELOCATION   SEGMENT NAME
            -----------------------------------------------------

            * * * * * * *   D A T A   M E M O R Y   * * * * * * *
            REG     0000H     0008H     ABSOLUTE     "REG BANK 0"
            DATA    0008H     0003H     UNIT         ?DT?_UART_STRING?TEST

            * * * * * * *   C O D E   M E M O R Y   * * * * * * *
            CODE    0000H     002DH     UNIT         ?C?LIB_CODE
            CODE    002DH     0024H     UNIT         ?PR?_UART_STRING?TEST
            CODE    0051H     0020H     UNIT         ?PR?_UART_DELAY?TEST
            CODE    0071H     0011H     UNIT         ?PR?UART_ENTER?TEST
            CODE    0082H     000CH     UNIT         ?PR?UART_INIT?TEST
            CODE    008EH     0008H     UNIT         ?PR?_UART_DATA?TEST
            CODE    0096H     0006H     UNIT         ?PR?UART_RX?TEST



OVERLAY MAP OF MODULE:   test (TEST)


SEGMENT
  +--> CALLED SEGMENT
---------------------


SYMBOL TABLE OF MODULE:  test (TEST)

  VALUE           TYPE          NAME
  ----------------------------------

  -------         MODULE        TEST
  C:0000H         SYMBOL        _ICE_DUMMY_
  C:0096H         PUBLIC        uart_rx
  B:0098H.0       PUBLIC        RI
  B:0098H.1       PUBLIC        TI
  C:0051H         PUBLIC        _uart_delay
  D:0099H         PUBLIC        SBUF
  D:0098H         PUBLIC        SCON
  D:0089H         PUBLIC        TMOD
  C:002DH         PUBLIC        _uart_string
  C:008EH         PUBLIC        _uart_data
  C:0071H         PUBLIC        uart_enter
BL51 BANKED LINKER/LOCATER V6.22                                                      06/07/2015  17:57:02  PAGE 2


  D:008DH         PUBLIC        TH1
  C:0082H         PUBLIC        uart_init
  B:0088H.6       PUBLIC        TR1
  -------         PROC          UART_INIT
  C:0082H         LINE#         15
  C:0082H         LINE#         16
  C:0082H         LINE#         17
  C:0085H         LINE#         18
  C:0088H         LINE#         19
  C:008BH         LINE#         20
  C:008DH         LINE#         21
  -------         ENDPROC       UART_INIT
  -------         PROC          _UART_DATA
  D:0007H         SYMBOL        mad
  C:008EH         LINE#         24
  C:008EH         LINE#         25
  C:008EH         LINE#         26
  C:0090H         LINE#         27
  C:0093H         LINE#         28
  C:0095H         LINE#         29
  -------         ENDPROC       _UART_DATA
  -------         PROC          _UART_STRING
  D:0008H         SYMBOL        mad
  -------         DO            
  D:0004H         SYMBOL        j
  -------         ENDDO         
  C:002DH         LINE#         32
  C:0033H         LINE#         33
  C:0033H         LINE#         36
  C:0046H         LINE#         37
  C:0050H         LINE#         38
  -------         ENDPROC       _UART_STRING
  -------         PROC          UART_ENTER
  C:0071H         LINE#         41
  C:0071H         LINE#         42
  C:0071H         LINE#         43
  C:0076H         LINE#         44
  C:007DH         LINE#         45
  -------         ENDPROC       UART_ENTER
  -------         PROC          _UART_DELAY
  D:0006H         SYMBOL        mad
  -------         DO            
  D:0004H         SYMBOL        i
  D:0002H         SYMBOL        j
  -------         ENDDO         
  C:0051H         LINE#         49
  C:0051H         LINE#         50
  C:0051H         LINE#         52
  C:005BH         LINE#         53
  C:0070H         LINE#         54
  -------         ENDPROC       _UART_DELAY
  -------         PROC          UART_RX
  -------         DO            
  D:0007H         SYMBOL        ch
  -------         ENDDO         
  C:0096H         LINE#         57
  C:0096H         LINE#         58
BL51 BANKED LINKER/LOCATER V6.22                                                      06/07/2015  17:57:02  PAGE 3


  C:0096H         LINE#         61
  C:0099H         LINE#         62
  C:009BH         LINE#         63
  C:009BH         LINE#         64
  -------         ENDPROC       UART_RX
  -------         ENDMOD        TEST

  -------         MODULE        ?C?CLDOPTR
  C:0000H         PUBLIC        ?C?CLDOPTR
  -------         ENDMOD        ?C?CLDOPTR

*** WARNING L16: UNCALLED SEGMENT, IGNORED FOR OVERLAY PROCESS
    SEGMENT: ?PR?UART_INIT?TEST

*** WARNING L16: UNCALLED SEGMENT, IGNORED FOR OVERLAY PROCESS
    SEGMENT: ?PR?_UART_STRING?TEST

*** WARNING L16: UNCALLED SEGMENT, IGNORED FOR OVERLAY PROCESS
    SEGMENT: ?PR?UART_ENTER?TEST

*** WARNING L16: UNCALLED SEGMENT, IGNORED FOR OVERLAY PROCESS
    SEGMENT: ?PR?UART_RX?TEST

*** WARNING L10: CANNOT DETERMINE ROOT SEGMENT

Program Size: data=11.0 xdata=0 code=156
LINK/LOCATE RUN COMPLETE.  5 WARNING(S),  0 ERROR(S)
